---
layout: post
title:  "mysql"
date:   2020-07-28 13:19:48 +0800
categories: python

---
# mysql #
mysql>
mysql> create table if not exists `tb_user`
    -> ;
ERROR 1046 (3D000): No database selected
mysql> use rl_project
Database changed
mysql> create table if not exists `tb_user`
    -> ;
ERROR 1113 (42000): A table must have at least 1 column
mysql> create table if not exists `tb_user`(
    -> id int not null AUTO_INCREMENT,
    -> accountNumber VARCHAR(40) not null,
    -> name VARCHAR(40) not null,
    -> password VARCHAR(40) not null,
    -> primary key (id)
    -> )engine=InnoDB default charset=utf8;
Query OK, 0 rows affected (0.46 sec)

mysql> insert into tb_user
    -> (id,accountNumber,name,password)
    -> values
    -> (,‘a’,’a’,’a’)
    -> ;
ERROR 1064 (42000): You have an error in your SQL syntax; check the manual that corresponds to your MySQL server version for the right syntax to use near '‘a’,’a’,’a’)' at line 4
mysql> insert into tb_user
    -> (accountNumber,name,password)
    -> values
    -> ('a','a','a')
    -> ;
Query OK, 1 row affected (0.07 sec)

mysql>

------------------------------------------------------
Windows PowerShell
版权所有 (C) Microsoft Corporation。保留所有权利。

尝试新的跨平台 PowerShell https://aka.ms/pscore6

PS C:\Windows\system32> mysql
Welcome to the MySQL monitor.  Commands end with ; or \g.
Your MySQL connection id is 3
Server version: 5.7.26 MySQL Community Server (GPL)

Copyright (c) 2000, 2019, Oracle and/or its affiliates. All rights reserved.

Oracle is a registered trademark of Oracle Corporation and/or its
affiliates. Other names may be trademarks of their respective
owners.

Type 'help;' or '\h' for help. Type '\c' to clear the current input statement.

mysql> show DATABASES
    ->
    ->
    ->
    -> ;
+--------------------+
| Database           |
+--------------------+
| information_schema |
| jeecg              |
| mysql              |
| performance_schema |
| sys                |
+--------------------+
5 rows in set (0.17 sec)

mysql> create database rl_project
    -> ;
Query OK, 1 row affected (0.05 sec)

mysql> create table if not exists  'tb_user '
    -> ;
ERROR 1064 (42000): You have an error in your SQL syntax; check the manual that corresponds to your MySQL server version for the right syntax to use near ''tb_user '' at line 1
mysql> create table if not exists  'tb_user'
    -> ;
ERROR 1064 (42000): You have an error in your SQL syntax; check the manual that corresponds to your MySQL server version for the right syntax to use near ''tb_user'' at line 1
mysql>
mysql>
mysql>
mysql>
mysql>
mysql>
mysql> create table if not exists `tb_user`
    -> ;
ERROR 1046 (3D000): No database selected
mysql> use rl_project
Database changed
mysql> create table if not exists `tb_user`
    -> ;
ERROR 1113 (42000): A table must have at least 1 column
mysql> create table if not exists `tb_user`(
    -> id int not null AUTO_INCREMENT,
    -> accountNumber VARCHAR(40) not null,
    -> name VARCHAR(40) not null,
    -> password VARCHAR(40) not null,
    -> primary key (id)
    -> )engine=InnoDB default charset=utf8;
Query OK, 0 rows affected (0.46 sec)

mysql> insert into tb_user
    -> (id,accountNumber,name,password)
    -> values
    -> (,‘a’,’a’,’a’)
    -> ;
ERROR 1064 (42000): You have an error in your SQL syntax; check the manual that corresponds to your MySQL server version for the right syntax to use near '‘a’,’a’,’a’)' at line 4
mysql> insert into tb_user
    -> (accountNumber,name,password)
    -> values
    -> ('a','a','a')
    -> ;
Query OK, 1 row affected (0.07 sec)

mysql>